// Jest Snapshot v1, https://goo.gl/fbAQLP

exports[`Modal Component matches snapshot 1`] = `
<DocumentFragment>
  <section
    class="
          fixed inset-0 flex justify-center items-center transition-colors
          visible bg-black/20
        "
  >
    <div
      class="
            bg-white rounded-xl shadow p-6 transition-all z-50
            scale-100 opacity-100 z-50
          "
    >
      <div>
        Modal Content
      </div>
    </div>
  </section>
</DocumentFragment>
`;
