// Jest Snapshot v1, https://goo.gl/fbAQLP

exports[`SelectField Component should match the snapshot when rendered 1`] = `
<div>
  <div
    class="flex flex-col"
  >
    <label
      class="mb-2 capitalize text-lg font-medium text-gray-700"
      for=""
    >
      Select an option
    </label>
    <select
      class="border gap-2 block outline-none focus:ring-4 focus:ring-primary-100 rounded-md py-[6px] px-3 text-gray-900 disabled:text-light disabled:bg-white shadow"
      id=""
      name="test-select"
    >
      <option
        selected=""
        value="1"
      >
        Option 1
      </option>
      <option
        value="2"
      >
        Option 2
      </option>
    </select>
  </div>
</div>
`;
