// Jest Snapshot v1, https://goo.gl/fbAQLP

exports[`ErrorDisplay Component matches snapshot for ErrorDisplay 1`] = `
<DocumentFragment>
  <div
    class="flex min-h-[50vh] flex-col items-center justify-center bg-background"
  >
    <div
      class="mx-auto max-w-md text-center"
    >
      <div
        class="mx-auto"
      />
      <p
        class="mt-4 text-3xl font-bold text-primary-600"
      >
        An unexpected error has occurred.
      </p>
      <p
        class="mt-4"
      >
        We're sorry, but an unexpected error has occurred. Please try again later or contact support if the issue persists.
      </p>
      <div
        class="mt-6"
      >
        <a
          class="px-4 py-2 font-medium text-white bg-primary-500 rounded-xl"
          href="/"
        >
          Go to Homepage
        </a>
      </div>
    </div>
  </div>
</DocumentFragment>
`;
