// Jest Snapshot v1, https://goo.gl/fbAQLP

exports[`ProjectLayout should match the snapshot 1`] = `
<DocumentFragment>
  <div
    class="flex flex-col h-full bg-gray-300 p-6"
  >
    <button
      class="mb-6 w-24 p-2 bg-white border-2 text-black flex gap-2 items-center justify-center focus:ring-4 focus:ring-primary-100 rounded-md cursor-pointer"
    >
      <img
        alt="Back Arrow"
        class="w-5 h-5 pr-2"
        src="mock-back-arrow"
      />
       Back
    </button>
    <div
      class="bg-white p-6 rounded-lg shadow-md w-full max-w h-auto"
    >
      <div>
        Child Component
      </div>
    </div>
  </div>
</DocumentFragment>
`;
